# Created with DNT MapEditor, 0.13
size = 4x4
initial = 128,128
name = gettext("Bar")
musicFile = music/emptycity.ogg
light = point
lightPos = 8.32 6.225 4.041
lightDiffuse = 0.8 0.8 0.8
lightSpecular = 0.93 0.468 0.2
lightPowerScale = 1.6
lightHdr = false
lightAttenuation = 600 1 0.007 0.0002
light = point
lightPos = 3.66612 2.35 11.2598
lightDiffuse = 0.8 0.8 0.8
lightSpecular = 0.8 0.8 0.8
lightPowerScale = 2
lightHdr = false
lightCastShadows = false
lightAttenuation = 325 1 0.014 0.007
wall = 0.5,0,0,12.3,3.2,0.5
wtf = wall_crete03b
wtb = plaster3c
wtl = wall_crete03b
wtr = wall_crete03b
wall = 0,0,0,0.5,3.2,12.8
wtf = wall_crete03b
wtb = wall_crete03b
wtl = wall_crete03b
wtr = plaster3c
wall = 12.3,0,0,12.8,3.2,5.658
wtf = wall_crete03b
wtb = plaster3c
wtl = plaster3c
wtr = wall_crete03b
wall = 0.5,0,12.3,12.3,3.2,12.8
wtf = plaster3c
wtb = wall_crete03b
wtl = wall_crete03b
wtr = wall_crete03b
wall = 12.3,0,6.96,12.8,3.2,12.8
wtf = plaster3c
wtb = wall_crete03b
wtl = plaster3c
wtr = wall_crete03b
wall = 12.3,2.4,5.658,12.8,3.2,6.96
wtf = plaster3c
wtb = wall_crete03b
wtl = plaster3c
wtr = wall_crete03b
#Z: 0
square = 1,0.000000,0.000000,0.000000,0.000000
useTexture = wood1
square = 1,0.000000,0.000000,0.000000,0.000000
useTexture = wood1
square = 1,0.000000,0.000000,0.000000,0.000000
useTexture = wood1
square = 1,0.000000,0.000000,0.000000,0.000000
useTexture = wood1
#Z: 1
square = 1,0.000000,0.000000,0.000000,0.000000
useTexture = wood1
square = 1,0.000000,0.000000,0.000000,0.000000
useTexture = wood1
square = 1,0.000000,0.000000,0.000000,0.000000
useTexture = wood1
square = 1,0.000000,0.000000,0.000000,0.000000
useTexture = wood1
#Z: 2
square = 1,0.000000,0.000000,0.000000,0.000000
useTexture = wood1
square = 1,0.000000,0.000000,0.000000,0.000000
useTexture = wood1
square = 1,0.000000,0.000000,0.000000,0.000000
useTexture = wood1
square = 1,0.000000,0.000000,0.000000,0.000000
useTexture = wood1
#Z: 3
square = 1,0.000000,0.000000,0.000000,0.000000
useTexture = wood1
square = 1,0.000000,0.000000,0.000000,0.000000
useTexture = wood1
square = 1,0.000000,0.000000,0.000000,0.000000
useTexture = wood1
square = 1,0.000000,0.000000,0.000000,0.000000
useTexture = wood1
door = doors/door6.dor
doorPos = 12.8,0,6.96
doorOri = 90
thing = furniture/bookshelf.scn
thingPos = 0.674,0,3.565
thingOri = 0,0,0
thing = furniture/mesa_redonda.scn
thingPos = 10.597,0,2.062
thingOri = 0,-86,0
thing = furniture/cadeira.scn
thingPos = 11.601,0,2.111
thingOri = 0,-87,0
thing = furniture/cadeira.scn
thingPos = 9.615,0,2.151
thingOri = 0,97,0
thing = furniture/cadeira.scn
thingPos = 10.7,0,3.13
thingOri = 0,184,0
thing = furniture/bookshelf.scn
thingPos = 0.674,0,5.3
thingOri = 0,0,0
thing = furniture/bookshelf.scn
thingPos = 0.674,0,3.565
thingOri = 0,0,0
thing = furniture/cadeira.scn
thingPos = 8.86,0,3.78
thingOri = 0,-62,0
thing = furniture/cadeira.scn
thingPos = 8.49,0,5.221
thingOri = 0,-145,0
thing = furniture/cadeira.scn
thingPos = 7.5,0,3.41
thingOri = 0,33,0
thing = furniture/mesa_redonda.scn
thingPos = 8.089,0,4.266
thingOri = 0,-147,0
thing = furniture/cadeira.scn
thingPos = 7.143,0,4.977
thingOri = 0,132,0
thing = furniture/bookshelf.scn
thingPos = 0.674,0,8.9
thingOri = 0,0,0
thing = furniture/bookshelf.scn
thingPos = 0.643,0,7.123
thingOri = 0,0,0
thing = furniture/mesa_redonda.scn
thingPos = 3.871,0,8.204
thingOri = 0,-38,0
thing = furniture/cadeira.scn
thingPos = 3.452,0,9.002
thingOri = 0,134,0
thing = furniture/cadeira.scn
thingPos = 4.783,0,8.86
thingOri = 0,-100,0
thing = furniture/cadeira.scn
thingPos = 4.728,0,7.485
thingOri = 0,-34,0
thing = furniture/cadeira.scn
thingPos = 3.326,0,7.385
thingOri = 0,27,0
thing = furniture/cadeira.scn
thingPos = 7.366,0,8.863
thingOri = 0,0,0
thing = furniture/cadeira.scn
thingPos = 10.547,0,8.761
thingOri = 0,0,0
thing = furniture/cadeira.scn
thingPos = 6.362,0,10.12
thingOri = 0,111,0
thing = furniture/mesa_redonda.scn
thingPos = 7.261,0,9.9
thingOri = 0,99,0
thing = furniture/cadeira.scn
thingPos = 7.4,0,1.108
thingOri = 0,185,0
thing = furniture/cadeira.scn
thingPos = 8.236,0,9.9043
thingOri = 0,-89,0
thing = furniture/cadeira.scn
thingPos = 9.52,0,9.78
thingOri = 0,79,0
thing = furniture/calendar.scn
thingPos = 8.22,31,12.294
thingOri = 0,-88,0
thing = furniture/mesa_redonda.scn
thingPos = 10.482,0,9.933
thingOri = 0,0,0
thing = street/barrel1.scn
thingPos = 4.757,0,1.325
thingOri = 0,-295,0
thing = street/barrel1.scn
thingPos = 4.16,0,1.309
thingOri = 0,-266,0
thing = street/barrel1.scn
thingPos = 3.831,0,0.793
thingOri = 0,-121,0
thing = street/barrel1.scn
thingPos = 4.459,0,0.773
thingOri = 0,-55,0
thing = street/barrel1.scn
thingPos = 5.089,0,0.815
thingOri = 0,0,0
thing = street/barrel1.scn
thingPos = 12.1,0.465,11.638
thingOri = -537,-177,-99
thing = street/barrel1.scn
thingPos = 12.108,0.095,11.334
thingOri = -537,-155,-99
thing = street/barrel1.scn
thingPos = 12.117,0.095,11.956
thingOri = -537,-59,-99
